<testsuites id="" name="" tests="10" failures="10" skipped="0" errors="0" time="21.721936999999997">
<testsuite name="accessibility/AccessibilityTest.spec.cjs" timestamp="2025-07-05T08:39:09.933Z" hostname="chromium" tests="10" failures="10" skipped="0" time="0.126" errors="0">
<testcase name="Nuclear Engagement Accessibility Tests › Quiz component accessibility" classname="accessibility/AccessibilityTest.spec.cjs" time="0.015">
<failure message="AccessibilityTest.spec.cjs:10:3 Quiz component accessibility" type="FAILURE">
<![CDATA[  [chromium] › accessibility/AccessibilityTest.spec.cjs:10:3 › Nuclear Engagement Accessibility Tests › Quiz component accessibility 

    Error: browserType.launch: 
    ╔══════════════════════════════════════════════════════╗
    ║ Host system is missing dependencies to run browsers. ║
    ║ Please install them with the following command:      ║
    ║                                                      ║
    ║     sudo npx playwright install-deps                 ║
    ║                                                      ║
    ║ Alternatively, use apt:                              ║
    ║     sudo apt-get install libnspr4\                   ║
    ║         libnss3\                                     ║
    ║         libasound2t64                                ║
    ║                                                      ║
    ║ <3 Playwright Team                                   ║
    ╚══════════════════════════════════════════════════════╝
]]>
</failure>
</testcase>
<testcase name="Nuclear Engagement Accessibility Tests › Table of Contents accessibility" classname="accessibility/AccessibilityTest.spec.cjs" time="0.012">
<failure message="AccessibilityTest.spec.cjs:47:3 Table of Contents accessibility" type="FAILURE">
<![CDATA[  [chromium] › accessibility/AccessibilityTest.spec.cjs:47:3 › Nuclear Engagement Accessibility Tests › Table of Contents accessibility 

    Error: browserType.launch: 
    ╔══════════════════════════════════════════════════════╗
    ║ Host system is missing dependencies to run browsers. ║
    ║ Please install them with the following command:      ║
    ║                                                      ║
    ║     sudo npx playwright install-deps                 ║
    ║                                                      ║
    ║ Alternatively, use apt:                              ║
    ║     sudo apt-get install libnspr4\                   ║
    ║         libnss3\                                     ║
    ║         libasound2t64                                ║
    ║                                                      ║
    ║ <3 Playwright Team                                   ║
    ╚══════════════════════════════════════════════════════╝
]]>
</failure>
</testcase>
<testcase name="Nuclear Engagement Accessibility Tests › Summary component accessibility" classname="accessibility/AccessibilityTest.spec.cjs" time="0.011">
<failure message="AccessibilityTest.spec.cjs:88:3 Summary component accessibility" type="FAILURE">
<![CDATA[  [chromium] › accessibility/AccessibilityTest.spec.cjs:88:3 › Nuclear Engagement Accessibility Tests › Summary component accessibility 

    Error: browserType.launch: 
    ╔══════════════════════════════════════════════════════╗
    ║ Host system is missing dependencies to run browsers. ║
    ║ Please install them with the following command:      ║
    ║                                                      ║
    ║     sudo npx playwright install-deps                 ║
    ║                                                      ║
    ║ Alternatively, use apt:                              ║
    ║     sudo apt-get install libnspr4\                   ║
    ║         libnss3\                                     ║
    ║         libasound2t64                                ║
    ║                                                      ║
    ║ <3 Playwright Team                                   ║
    ╚══════════════════════════════════════════════════════╝
]]>
</failure>
</testcase>
<testcase name="Nuclear Engagement Accessibility Tests › Color contrast and visual accessibility" classname="accessibility/AccessibilityTest.spec.cjs" time="0.011">
<failure message="AccessibilityTest.spec.cjs:119:3 Color contrast and visual accessibility" type="FAILURE">
<![CDATA[  [chromium] › accessibility/AccessibilityTest.spec.cjs:119:3 › Nuclear Engagement Accessibility Tests › Color contrast and visual accessibility 

    Error: browserType.launch: 
    ╔══════════════════════════════════════════════════════╗
    ║ Host system is missing dependencies to run browsers. ║
    ║ Please install them with the following command:      ║
    ║                                                      ║
    ║     sudo npx playwright install-deps                 ║
    ║                                                      ║
    ║ Alternatively, use apt:                              ║
    ║     sudo apt-get install libnspr4\                   ║
    ║         libnss3\                                     ║
    ║         libasound2t64                                ║
    ║                                                      ║
    ║ <3 Playwright Team                                   ║
    ╚══════════════════════════════════════════════════════╝
]]>
</failure>
</testcase>
<testcase name="Nuclear Engagement Accessibility Tests › Screen reader compatibility" classname="accessibility/AccessibilityTest.spec.cjs" time="0.018">
<failure message="AccessibilityTest.spec.cjs:158:3 Screen reader compatibility" type="FAILURE">
<![CDATA[  [chromium] › accessibility/AccessibilityTest.spec.cjs:158:3 › Nuclear Engagement Accessibility Tests › Screen reader compatibility 

    Error: browserType.launch: 
    ╔══════════════════════════════════════════════════════╗
    ║ Host system is missing dependencies to run browsers. ║
    ║ Please install them with the following command:      ║
    ║                                                      ║
    ║     sudo npx playwright install-deps                 ║
    ║                                                      ║
    ║ Alternatively, use apt:                              ║
    ║     sudo apt-get install libnspr4\                   ║
    ║         libnss3\                                     ║
    ║         libasound2t64                                ║
    ║                                                      ║
    ║ <3 Playwright Team                                   ║
    ╚══════════════════════════════════════════════════════╝
]]>
</failure>
</testcase>
<testcase name="Nuclear Engagement Accessibility Tests › Mobile accessibility" classname="accessibility/AccessibilityTest.spec.cjs" time="0.012">
<failure message="AccessibilityTest.spec.cjs:203:3 Mobile accessibility" type="FAILURE">
<![CDATA[  [chromium] › accessibility/AccessibilityTest.spec.cjs:203:3 › Nuclear Engagement Accessibility Tests › Mobile accessibility 

    Error: browserType.launch: 
    ╔══════════════════════════════════════════════════════╗
    ║ Host system is missing dependencies to run browsers. ║
    ║ Please install them with the following command:      ║
    ║                                                      ║
    ║     sudo npx playwright install-deps                 ║
    ║                                                      ║
    ║ Alternatively, use apt:                              ║
    ║     sudo apt-get install libnspr4\                   ║
    ║         libnss3\                                     ║
    ║         libasound2t64                                ║
    ║                                                      ║
    ║ <3 Playwright Team                                   ║
    ╚══════════════════════════════════════════════════════╝
]]>
</failure>
</testcase>
<testcase name="Nuclear Engagement Accessibility Tests › Reduced motion preferences" classname="accessibility/AccessibilityTest.spec.cjs" time="0.01">
<failure message="AccessibilityTest.spec.cjs:241:3 Reduced motion preferences" type="FAILURE">
<![CDATA[  [chromium] › accessibility/AccessibilityTest.spec.cjs:241:3 › Nuclear Engagement Accessibility Tests › Reduced motion preferences 

    Error: browserType.launch: 
    ╔══════════════════════════════════════════════════════╗
    ║ Host system is missing dependencies to run browsers. ║
    ║ Please install them with the following command:      ║
    ║                                                      ║
    ║     sudo npx playwright install-deps                 ║
    ║                                                      ║
    ║ Alternatively, use apt:                              ║
    ║     sudo apt-get install libnspr4\                   ║
    ║         libnss3\                                     ║
    ║         libasound2t64                                ║
    ║                                                      ║
    ║ <3 Playwright Team                                   ║
    ╚══════════════════════════════════════════════════════╝
]]>
</failure>
</testcase>
<testcase name="Nuclear Engagement Accessibility Tests › High contrast mode compatibility" classname="accessibility/AccessibilityTest.spec.cjs" time="0.012">
<failure message="AccessibilityTest.spec.cjs:270:3 High contrast mode compatibility" type="FAILURE">
<![CDATA[  [chromium] › accessibility/AccessibilityTest.spec.cjs:270:3 › Nuclear Engagement Accessibility Tests › High contrast mode compatibility 

    Error: browserType.launch: 
    ╔══════════════════════════════════════════════════════╗
    ║ Host system is missing dependencies to run browsers. ║
    ║ Please install them with the following command:      ║
    ║                                                      ║
    ║     sudo npx playwright install-deps                 ║
    ║                                                      ║
    ║ Alternatively, use apt:                              ║
    ║     sudo apt-get install libnspr4\                   ║
    ║         libnss3\                                     ║
    ║         libasound2t64                                ║
    ║                                                      ║
    ║ <3 Playwright Team                                   ║
    ╚══════════════════════════════════════════════════════╝
]]>
</failure>
</testcase>
<testcase name="Nuclear Engagement Accessibility Tests › Form accessibility" classname="accessibility/AccessibilityTest.spec.cjs" time="0.013">
<failure message="AccessibilityTest.spec.cjs:299:3 Form accessibility" type="FAILURE">
<![CDATA[  [chromium] › accessibility/AccessibilityTest.spec.cjs:299:3 › Nuclear Engagement Accessibility Tests › Form accessibility 

    Error: browserType.launch: 
    ╔══════════════════════════════════════════════════════╗
    ║ Host system is missing dependencies to run browsers. ║
    ║ Please install them with the following command:      ║
    ║                                                      ║
    ║     sudo npx playwright install-deps                 ║
    ║                                                      ║
    ║ Alternatively, use apt:                              ║
    ║     sudo apt-get install libnspr4\                   ║
    ║         libnss3\                                     ║
    ║         libasound2t64                                ║
    ║                                                      ║
    ║ <3 Playwright Team                                   ║
    ╚══════════════════════════════════════════════════════╝
]]>
</failure>
</testcase>
<testcase name="Nuclear Engagement Accessibility Tests › Page structure and semantics" classname="accessibility/AccessibilityTest.spec.cjs" time="0.012">
<failure message="AccessibilityTest.spec.cjs:340:3 Page structure and semantics" type="FAILURE">
<![CDATA[  [chromium] › accessibility/AccessibilityTest.spec.cjs:340:3 › Nuclear Engagement Accessibility Tests › Page structure and semantics 

    Error: browserType.launch: 
    ╔══════════════════════════════════════════════════════╗
    ║ Host system is missing dependencies to run browsers. ║
    ║ Please install them with the following command:      ║
    ║                                                      ║
    ║     sudo npx playwright install-deps                 ║
    ║                                                      ║
    ║ Alternatively, use apt:                              ║
    ║     sudo apt-get install libnspr4\                   ║
    ║         libnss3\                                     ║
    ║         libasound2t64                                ║
    ║                                                      ║
    ║ <3 Playwright Team                                   ║
    ╚══════════════════════════════════════════════════════╝
]]>
</failure>
</testcase>
</testsuite>
</testsuites>